  Determining projects to restore...
  All projects are up-to-date for restore.
C:\Users\rohit\OneDrive\Desktop\WindowApp\MainWindow.xaml.cs(525,29): error CS0104: 'ComboBox' is an ambiguous reference between 'System.Windows.Controls.ComboBox' and 'System.Windows.Forms.ComboBox' [C:\Users\rohit\OneDrive\Desktop\WindowApp\WindowApp_4lkkkqrp_wpftmp.csproj]
C:\Users\rohit\OneDrive\Desktop\WindowApp\MainWindow.xaml.cs(1096,64): warning CS8600: Converting null literal or possible null value to non-nullable type. [C:\Users\rohit\OneDrive\Desktop\WindowApp\WindowApp_4lkkkqrp_wpftmp.csproj]

Build FAILED.

C:\Users\rohit\OneDrive\Desktop\WindowApp\MainWindow.xaml.cs(1096,64): warning CS8600: Converting null literal or possible null value to non-nullable type. [C:\Users\rohit\OneDrive\Desktop\WindowApp\WindowApp_4lkkkqrp_wpftmp.csproj]
C:\Users\rohit\OneDrive\Desktop\WindowApp\MainWindow.xaml.cs(525,29): error CS0104: 'ComboBox' is an ambiguous reference between 'System.Windows.Controls.ComboBox' and 'System.Windows.Forms.ComboBox' [C:\Users\rohit\OneDrive\Desktop\WindowApp\WindowApp_4lkkkqrp_wpftmp.csproj]
    1 Warning(s)
    1 Error(s)

Time Elapsed 00:00:05.66
